// Jest Snapshot v1, https://goo.gl/fbAQLP

exports[`App.jsx Creates Snapshot of the Main App 1`] = `null`;
